// Bun Snapshot v1, https://goo.gl/fbAQLP

exports[`App fetch() view 1`] = `"<div></div><script>window.__GEMI_DATA__ = {"pageData":{"/":{"Home":{"message":"Home"}}},"auth":{"user":null},"routeManifest":{"/":["Home"],"/about":["About"]},"router":{"pathname":"/","params":{},"currentPath":"/","is404":false},"componentTree":[["404",[]],["Home",[]],["About",[]]]}; window.loaders={}</script>"`;
